------------------------------------------------------------
Timing Analyzer Summary
------------------------------------------------------------

Type  : Slow 1100mV 85C Model Setup 'clk'
Slack : -2.473
TNS   : -75.041

Type  : Slow 1100mV 85C Model Hold 'clk'
Slack : 0.385
TNS   : 0.000

Type  : Slow 1100mV 85C Model Minimum Pulse Width 'clk'
Slack : -0.394
TNS   : -19.199

Type  : Slow 1100mV 0C Model Setup 'clk'
Slack : -2.559
TNS   : -74.984

Type  : Slow 1100mV 0C Model Hold 'clk'
Slack : 0.384
TNS   : 0.000

Type  : Slow 1100mV 0C Model Minimum Pulse Width 'clk'
Slack : -0.394
TNS   : -20.987

Type  : Fast 1100mV 85C Model Setup 'clk'
Slack : -0.971
TNS   : -26.705

Type  : Fast 1100mV 85C Model Hold 'clk'
Slack : 0.203
TNS   : 0.000

Type  : Fast 1100mV 85C Model Minimum Pulse Width 'clk'
Slack : -0.092
TNS   : -3.249

Type  : Fast 1100mV 0C Model Setup 'clk'
Slack : -0.854
TNS   : -22.246

Type  : Fast 1100mV 0C Model Hold 'clk'
Slack : 0.192
TNS   : 0.000

Type  : Fast 1100mV 0C Model Minimum Pulse Width 'clk'
Slack : -0.089
TNS   : -3.194

------------------------------------------------------------
